// Jest Snapshot v1, https://goo.gl/fbAQLP

exports[`Button Component Should match the snapshot 1`] = `"<button type="button">This is a button</button>"`;
