// Jest Snapshot v1, https://goo.gl/fbAQLP

exports[`Header Component Should match the snapshot 1`] = `"<h1>This is a test header</h1>"`;
